0 verbose cli C:\Program Files\nodejs\node.exe C:\Users\ym706\AppData\Roaming\npm\node_modules\npm\bin\npm-cli.js
1 info using npm@11.19.1
2 info using node@v24.12.0
3 silly config load:file:C:\Users\ym706\AppData\Roaming\npm\node_modules\npm\npmrc
4 silly config load:file:C:\ai2\.npmrc
5 silly config load:file:C:\Users\ym706\.npmrc
6 silly config load:file:C:\Users\ym706\AppData\Roaming\npm\etc\npmrc
7 verbose title npm install
8 verbose argv "install" "--cache" ".\\.npm-cache" "--no-audit" "--no-fund"
9 verbose logfile logs-max:10 dir:C:\ai2\.npm-cache\_logs\2026-09-25T19_42_04_994Z-
10 verbose logfile C:\ai2\.npm-cache\_logs\2026-09-25T19_42_04_994Z-debug-0.log
11 silly logfile done cleaning log files
12 silly packumentCache heap:2348810240 maxSize:587202560 maxEntrySize:293601280
13 silly idealTree buildDeps
14 silly reify moves {}
15 warn install-scripts 1 package has install scripts not yet covered by allowScripts:
15 warn install-scripts   unrs-resolver@1.12.2 (postinstall: node postinstall.js)
15 warn install-scripts
15 warn install-scripts Run `npm install-scripts ls` to review, or `npm install-scripts approve <pkg>` to allow.
16 verbose cwd C:\ai2
17 verbose os Windows_NT 10.0.22621
18 verbose node v24.12.0
19 verbose npm  v11.19.1
20 verbose exit 0
21 info ok
